(---------------------------------------------------------------------)
(                                                                     )
(    Allegro Netrev Import Logic                                      )
(                                                                     )
(    Drawing          : SOILDERSTATION.brd                            )
(    Software Version : 16.6P004                                      )
(    Date/Time        : Sat Oct 28 17:55:06 2017                      )
(                                                                     )
(---------------------------------------------------------------------)


------ Directives ------

RIPUP_ETCH FALSE;
RIPUP_DELETE_FIRST_SEGMENT FALSE;
RIPUP_RETAIN_BONDWIRE FALSE;
RIPUP_SYMBOLS ALWAYS;
Missing symbol has error FALSE;
SCHEMATIC_DIRECTORY 'E:\ORCAD\SOILDERSTATION\allegro';
BOARD_DIRECTORY '';
OLD_BOARD_NAME 'SOILDERSTATION.brd';
NEW_BOARD_NAME 'SOILDERSTATION.brd';

CmdLine: netrev.exe -y 1 -n -i E:\ORCAD\SOILDERSTATION\allegro E:\ORCAD\SOILDERSTATION\allegro\SOILDERSTATION.brd E:\ORCAD\SOILDERSTATION\allegro\SOILDERSTATION.brd

------ Preparing to read pst files ------

Starting to read E:/ORCAD/SOILDERSTATION/allegro/pstchip.dat 
   Finished reading E:/ORCAD/SOILDERSTATION/allegro/pstchip.dat (00:00:00.02)
Starting to read E:/ORCAD/SOILDERSTATION/allegro/pstxprt.dat 
   Finished reading E:/ORCAD/SOILDERSTATION/allegro/pstxprt.dat (00:00:00.00)
Starting to read E:/ORCAD/SOILDERSTATION/allegro/pstxnet.dat 
   Finished reading E:/ORCAD/SOILDERSTATION/allegro/pstxnet.dat (00:00:00.00)

------ Oversights/Warnings/Errors ------


#1   WARNING(SPMHNI-192): Device/Symbol check warning detected. [help]

WARNING(SPMHNI-194): Symbol 'IC8' for device 'CAP NP_IC8_102' not found in PSMPATH or must be "dbdoctor"ed.

#2   WARNING(SPMHNI-192): Device/Symbol check warning detected. [help]

WARNING(SPMHNI-194): Symbol 'IC8' for device 'CAP_IC8_1000UF' not found in PSMPATH or must be "dbdoctor"ed.

#3   WARNING(SPMHNI-192): Device/Symbol check warning detected. [help]

WARNING(SPMHNI-194): Symbol 'IC8' for device 'CAP_IC8_100UF' not found in PSMPATH or must be "dbdoctor"ed.

#4   WARNING(SPMHNI-192): Device/Symbol check warning detected. [help]

WARNING(SPMHNI-194): Symbol 'IC8' for device 'LED_IC8_GREEN' not found in PSMPATH or must be "dbdoctor"ed.

#5   WARNING(SPMHNI-192): Device/Symbol check warning detected. [help]

WARNING(SPMHNI-194): Symbol 'IC8' for device 'LED_IC8_RED' not found in PSMPATH or must be "dbdoctor"ed.

#6   WARNING(SPMHNI-192): Device/Symbol check warning detected. [help]

WARNING(SPMHNI-194): Symbol 'IC8' for device 'DC JACK_IC8_DC JACK' not found in PSMPATH or must be "dbdoctor"ed.

#7   WARNING(SPMHNI-192): Device/Symbol check warning detected. [help]

WARNING(SPMHNI-194): Symbol 'IC8' for device 'HAKKOJACK_2_IC8_HAKKO' not found in PSMPATH or must be "dbdoctor"ed.

#8   WARNING(SPMHNI-192): Device/Symbol check warning detected. [help]

WARNING(SPMHNI-194): Symbol 'IC8' for device 'A1015_IC8_A1015' not found in PSMPATH or must be "dbdoctor"ed.

#9   WARNING(SPMHNI-192): Device/Symbol check warning detected. [help]

WARNING(SPMHNI-194): Symbol 'IC8' for device 'IRF540N/TO_IC8_IRF540N/TO' not found in PSMPATH or must be "dbdoctor"ed.

#10  WARNING(SPMHNI-192): Device/Symbol check warning detected. [help]

WARNING(SPMHNI-194): Symbol 'IC8' for device 'R_IC8_100K' not found in PSMPATH or must be "dbdoctor"ed.

#11  WARNING(SPMHNI-192): Device/Symbol check warning detected. [help]

WARNING(SPMHNI-194): Symbol 'IC8' for device 'R_IC8_10K' not found in PSMPATH or must be "dbdoctor"ed.

#12  WARNING(SPMHNI-192): Device/Symbol check warning detected. [help]

WARNING(SPMHNI-194): Symbol 'IC8' for device 'R_IC8_2K7' not found in PSMPATH or must be "dbdoctor"ed.

#13  WARNING(SPMHNI-192): Device/Symbol check warning detected. [help]

WARNING(SPMHNI-194): Symbol 'IC8' for device 'R_IC8_390' not found in PSMPATH or must be "dbdoctor"ed.

#14  WARNING(SPMHNI-192): Device/Symbol check warning detected. [help]

WARNING(SPMHNI-194): Symbol 'IC8' for device 'SW_PB_SPST_IC8_RESET' not found in PSMPATH or must be "dbdoctor"ed.

#15  WARNING(SPMHNI-192): Device/Symbol check warning detected. [help]

WARNING(SPMHNI-194): Symbol 'IC8' for device 'LM358_IC8_LM358' not found in PSMPATH or must be "dbdoctor"ed.

#1   ERROR(SPMHNI-191): Device/Symbol check error detected.

ERROR(SPMHNI-195): Symbol 'TO220AC' for device '78XX_TO220AC_7805' is missing pin '3'.

#16  WARNING(SPMHNI-192): Device/Symbol check warning detected. [help]

WARNING(SPMHNI-194): Symbol 'IC8' for device 'VOLUME DON_IC8_ADJUST' not found in PSMPATH or must be "dbdoctor"ed.

#17  WARNING(SPMHNI-192): Device/Symbol check warning detected. [help]

WARNING(SPMHNI-194): Symbol 'IC8' for device 'ATTINY13_2_IC8_ATTINY13' not found in PSMPATH or must be "dbdoctor"ed.

------ Library Paths ------
MODULEPATH =  . 
           C:/Cadence/SPB_16.6/share/local/pcb/modules 

PSMPATH =  . 
           symbols 
           .. 
           ../symbols 
           C:/Cadence/SPB_16.6/share/local/pcb/symbols 
           C:/Cadence/SPB_16.6/share/pcb/pcb_lib/symbols 
           C:/Cadence/SPB_16.6/share/pcb/allegrolib/symbols 

PADPATH =  . 
           symbols 
           .. 
           ../symbols 
           C:/Cadence/SPB_16.6/share/local/pcb/padstacks 
           C:/Cadence/SPB_16.6/share/pcb/pcb_lib/symbols 
           C:/Cadence/SPB_16.6/share/pcb/allegrolib/symbols 


------ Summary Statistics ------


#2   Run stopped because errors were detected

netrev run on Oct 28 17:55:06 2017
   DESIGN NAME : 'SOILDERSTATION'
   PACKAGING ON Sep 10 2012 04:46:09

   COMPILE 'logic'
   CHECK_PIN_NAMES OFF
   CROSS_REFERENCE OFF
   FEEDBACK OFF
   INCREMENTAL OFF
   INTERFACE_TYPE PHYSICAL
   MAX_ERRORS 500
   MERGE_MINIMUM 5
   NET_NAME_CHARS '#%&()*+-./:=>?@[]^_`|'
   NET_NAME_LENGTH 24
   OVERSIGHTS ON
   REPLACE_CHECK OFF
   SINGLE_NODE_NETS ON
   SPLIT_MINIMUM 0
   SUPPRESS   20
   WARNINGS ON

  2 errors detected
 No oversight detected
 17 warnings detected

cpu time      0:00:33
elapsed time  0:00:00

